// Jest Snapshot v1, https://goo.gl/fbAQLP

exports[`OrdersWrapper Component should render correctly 1`] = `
<div>
  <h2>
    Сам себе трейдер
  </h2>
  <h3>
    Валютные пары
  </h3>
  <OrdersList
    changedOrders={
      Array [
        "",
      ]
    }
    onOpenPopup={[Function]}
    orders={
      Object {
        "currentOrder": Object {
          "BTC_USD": Object {
            "avg": "6875.86448007",
            "buy_price": "6859.227881",
            "high": "6969.54201841",
            "last_trade": "6864.01",
            "low": "6800",
            "sell_price": "6873.71642794",
            "updated": 1528752429,
            "vol": "1112.01492053",
            "vol_curr": "7632881.53471028",
          },
        },
      }
    }
  />
</div>
`;
