// Jest Snapshot v1, https://goo.gl/fbAQLP

exports[`Popup Component should render correctly with props 1`] = `
<Transition
  appear={false}
  enter={true}
  exit={true}
  in={false}
  mountOnEnter={false}
  onEnter={[Function]}
  onEntered={[Function]}
  onEntering={[Function]}
  onExit={[Function]}
  onExited={[Function]}
  onExiting={[Function]}
  timeout={500}
  unmountOnExit={false}
/>
`;
